// Jest Snapshot v1, https://jestjs.io/docs/snapshot-testing

exports[`a type selector toJSON 1`] = `
{
  "inputs": [
    {
      "css": "foo {}",
      "hasBOM": false,
      "id": "<input css _____>",
    },
  ],
  "raws": {},
  "sassType": "type",
  "source": <1:1-1:4 in 0>,
  "type": <foo>,
}
`;
