// Jest Snapshot v1, https://goo.gl/fbAQLP

exports[`a root node toJSON with children 1`] = `
{
  "inputs": [
    {
      "css": "@foo",
      "hasBOM": false,
      "id": "<input css _____>",
    },
  ],
  "name": "foo",
  "nameInterpolation": <foo>,
  "params": "",
  "raws": {},
  "sassType": "atrule",
  "source": <1:1-1:5 in 0>,
  "type": "atrule",
}
`;

exports[`a root node toJSON without children 1`] = `
{
  "inputs": [
    {
      "css": "",
      "hasBOM": false,
      "id": "<input css _____>",
    },
  ],
  "nodes": [],
  "raws": {},
  "sassType": "root",
  "source": <1:1-1:1 in 0>,
  "type": "root",
}
`;
