// Jest Snapshot v1, https://jestjs.io/docs/snapshot-testing

exports[`an if expression toJSON 1`] = `
{
  "inputs": [
    {
      "css": "@#{if(sass($foo): bar; else: baz)}",
      "hasBOM": false,
      "id": "<input css _____>",
    },
  ],
  "nodes": [
    <sass($foo): bar>,
    <else: baz>,
  ],
  "raws": {},
  "sassType": "if-expr",
  "source": <1:4-1:34 in 0>,
}
`;
