// Jest Snapshot v1, https://goo.gl/fbAQLP

exports[`a parenthesized expression toJSON 1`] = `
{
  "inParens": <foo>,
  "inputs": [
    {
      "css": "@#{(foo)}",
      "hasBOM": false,
      "id": "<input css _____>",
    },
  ],
  "raws": {},
  "sassType": "parenthesized",
  "source": <1:4-1:9 in 0>,
}
`;
