// Jest Snapshot v1, https://jestjs.io/docs/snapshot-testing

exports[`a unary operation toJSON 1`] = `
{
  "inputs": [
    {
      "css": "@#{+foo}",
      "hasBOM": false,
      "id": "<input css _____>",
    },
  ],
  "operand": <foo>,
  "operator": "+",
  "raws": {},
  "sassType": "unary-operation",
  "source": <1:4-1:8 in 0>,
}
`;
