// Jest Snapshot v1, https://jestjs.io/docs/snapshot-testing

exports[`an if() condition negatoin toJSON 1`] = `
{
  "inputs": [
    {
      "css": "@#{if(not sass(true): a)}",
      "hasBOM": false,
      "id": "<input css _____>",
    },
  ],
  "negated": <sass(true)>,
  "raws": {},
  "sassType": "if-condition-negation",
  "source": <1:7-1:21 in 0>,
}
`;
