// Jest Snapshot v1, https://goo.gl/fbAQLP

exports[`an argument list toJSON 1`] = `
{
  "inputs": [
    {
      "css": "@include x(foo, bar...)",
      "hasBOM": false,
      "id": "<input css _____>",
    },
  ],
  "nodes": [
    <foo>,
    <bar...>,
  ],
  "raws": {},
  "sassType": "argument-list",
  "source": <1:11-1:24 in 0>,
}
`;
