// Jest Snapshot v1, https://goo.gl/fbAQLP

exports[`a parameter list toJSON 1`] = `
{
  "inputs": [
    {
      "css": "@function x($foo, $bar...) {}",
      "hasBOM": false,
      "id": "<input css _____>",
    },
  ],
  "nodes": [
    <$foo>,
  ],
  "raws": {},
  "restParameter": "bar",
  "sassType": "parameter-list",
  "source": <1:12-1:27 in 0>,
}
`;
